Malicious website! Official key: 17. Found key: 14
