Malicious website! Official key: 117. Found key: 241
