https://bit.ly/3dzxOQE
https://bit.ly/3lVOcj2
facebook.com
upb.ro
