https://bit.ly/3dCfNBj
https://bit.ly/3dzxOQE
alabalaportocala.eu
