facebook.com
upb.ro
https://bit.ly/3lVOcj2
www.a-s-e.ro
